// Jest Snapshot v1, https://goo.gl/fbAQLP

exports[`Testar componente de Slider da aplicação 1`] = `
<div
  id="nivo-slider"
>
  <div
    className="nivo-slider"
  >
    <img
      alt=""
      src="/assets/img/slides/nivo/bg-1.jpg"
      title="#caption-1"
    />
    <img
      alt=""
      src="/assets/img/slides/nivo/bg-2.jpg"
      title="#caption-2"
    />
    <img
      alt=""
      src="/assets/img/slides/nivo/bg-3.jpg"
      title="#caption-3"
    />
    <img
      alt=""
      src="/assets/img/slides/nivo/bg-4.jpg"
      title="#caption-4"
    />
    <img
      alt=""
      src="/assets/img/slides/nivo/bg-5.jpg"
      title="#caption-5"
    />
    <img
      alt=""
      src="/assets/img/slides/nivo/bg-6.jpg"
      title="#caption-6"
    />
  </div>
  <div
    className=""
  >
    <div
      className="nivo-caption"
      id="caption-1"
    >
      <div>
        <h2>
          <strong>
            Login
          </strong>
        </h2>
        <p>
          Aqui nosso usuário poderá logar e acessar seu perfil com maiores informações.
        </p>
      </div>
    </div>
    <div
      className="nivo-caption"
      id="caption-2"
    >
      <div>
        <h2>
          <strong>
            Criar conta
          </strong>
        </h2>
        <p>
          Cadastre sua conta e crie seu perfil.
        </p>
      </div>
    </div>
    <div
      className="nivo-caption"
      id="caption-3"
    >
      <div>
        <h2>
           
          <strong>
            Quem Somos
          </strong>
        </h2>
        <p>
          Saiba quais são a Missão, Visão e Valor da 
          <strong>
            Helpec!
          </strong>
        </p>
      </div>
    </div>
    <div
      className="nivo-caption"
      id="caption-4"
    >
      <div>
        <h2>
          <strong>
            Perfil
          </strong>
        </h2>
        <p>
          Veja e atualize os contatos e dados do seu perfil.
        </p>
      </div>
    </div>
    <div
      className="nivo-caption"
      id="caption-5"
    >
      <div>
        <h2>
          <strong>
            Saiba Mais
          </strong>
        </h2>
        <p>
          Quer se informar melhor do assunto, veja nosso material no Saiba Mais.
        </p>
      </div>
    </div>
    <div
      className="nivo-caption"
      id="caption-6"
    >
      <div>
        <h2>
          <strong>
            Primeiros Socorros
          </strong>
        </h2>
        <p>
          Aqui você conhece os primeiros passos para oferecer ajuda, saiba o que fazer ou não fazer.
        </p>
      </div>
    </div>
  </div>
</div>
`;
