// Jest Snapshot v1, https://goo.gl/fbAQLP

exports[`Testar componente de FloatButton da aplicação 1`] = `
<button
  className="panico"
  onClick={[Function]}
  type="button"
>
   Pânico
</button>
`;
